// Jest Snapshot v1, https://goo.gl/fbAQLP

exports[`HTML endpoint It should accept POSTed markdown 1`] = `"<h3 id=\\"foo\\">foo<a aria-hidden=\\"true\\" href=\\"#foo\\"><span class=\\"icon icon-link\\"></span></a></h3>"`;

exports[`LaTeX endpoint It should accept POSTed markdown 1`] = `
"\\\\levelOneTitle{foo}
"
`;

exports[`Texfile endpoint It should accept POSTed markdown 1`] = `
"\\\\documentclass[contentType]{zmdocument}

\\\\usepackage{blindtext}
\\\\title{The Title}
\\\\author{FØØ, Bär}
\\\\licence[/tmp/l/by-nc-sa.svg]{CC-BY-NC-SA}{https://creativecommons.org/licenses/by-nc-sa/4.0/legalcode}

\\\\smileysPath{/tmp/s}
\\\\makeglossaries

\\\\begin{document}
\\\\maketitle
\\\\tableofcontents

\\\\levelOneTitle{foo}

\\\\end{document}"
`;
