<p>This is an abbreviation: <abbr title="Reference">REF</abbr>.
ref and REFERENCE should be ignored.</p>
