<h1>Test kbd</h1>
<p>Blabla <kbd>ok</kbd> kxcvj <kbd>ok foo</kbd> sdff</p>
<p>sdf |||| df</p>
<p>sfdgs | | dfg || dgsg | qs</p>
<p>With two pipes: ||key|| you'll get <kbd>key</kbd>.</p>
<p>It parses inline elements inside:</p>
<ul>
<li><kbd>hell<a href="#he"><del>o</del></a>?</kbd></li>
</ul>
<p>but not block elements inside:</p>
<ul>
<li><kbd>hello: [[secret]]?</kbd></li>
</ul>
