\begin{codeBlock}{python}
print('bla')
\end{codeBlock}

\begin{codeBlock}[][1,2]{python}
print('bla')
print('bla')
print('bla')
\end{codeBlock}
