\begin{codeBlock}[With Source]{python}
print('bla')
\end{codeBlock}
