\begin{codeBlock}[With Source]{python}
print('bla')
\end{codeBlock}

\begin{codeBlock}[With Source][1,2]{python}
print('bla')
print('bla')
print('bla')
\end{codeBlock}
