a paragraph \texttt{with inline code}.

\texttt{a
multiline
inlinecode}

\texttt{a code with \textbackslash{}}

\texttt{a \textbackslash{}text in \textbackslash{}LaTeX \textbackslash{}\textbackslash{}}
