(for convenience,   are replaced with simple single spaces in the tests)

\chapter{first 1}
\begin{Quotation}{Quotation Source}
Code inside quote

\begin{codeBlock}[code source]{python}
print('bla')
\end{codeBlock}
\end{Quotation}

\begin{codeBlock}[First]{python}
print('bla')
\end{codeBlock}

Code: Second

\begin{codeBlock}{python}
print('code without caption')
\end{codeBlock}
