\begin{longtabu}{|c|c|} \hline
1 & 2\\ \hline
1 & 2\\ \hline
1 & 2\\ \hline
1 & 2\\ \hline
\end{longtabu}

\begin{longtabu}{|c|c|c|} \hline
1 & 2 & 3\\ \hline
1 & 2\\ \hline
1 & 2Â  & 3\\ \hline
1 & 2Â  & 3\\ \hline
\end{longtabu}

