// Jest Snapshot v1, https://goo.gl/fbAQLP

exports[`ping 1`] = `
"<h1>Test ping</h1>
<p>ping @Clem</p>
<p>ping @<strong>BALDE SOULEYMANE</strong></p>
<p>no ping @dqsjdjsqjhdshqjkhfyhefezhjzjhdsjlfjlsqjdfjhsd</p>
<p>no ping @<strong>I AM CLEM</strong></p>"
`;

exports[`ping to markdown 1`] = `
"# Test ping

ping @Clem

ping @**BALDE SOULEYMANE**

no ping @dqsjdjsqjhdshqjkhfyhefezhjzjhdsjlfjlsqjdfjhsd

no ping @**I AM CLEM**
"
`;
