// Jest Snapshot v1, https://goo.gl/fbAQLP

exports[`align 1`] = `
"<h1>Test align</h1>
<p>A simple paragraph</p>
<div class=\\"align-center\\"><p>A centered paragraph</p></div>
<p>a simple paragraph</p>
<div class=\\"align-right\\"><p>A right aligned paragraph</p></div>
<p>an other simple paragraph</p>
<p>A simple paragraph</p>
<div class=\\"align-center\\"><p>A centered paragraph</p></div>
<p>a simple paragraph</p>
<div class=\\"align-right\\"><p>A right aligned paragraph</p></div>
<p>an other simple paragraph</p>
<div class=\\"align-center\\"><p>A centered paragraph.</p><p>Containing two paragraph</p></div>
<p>an other simple paragraph</p>
<div class=\\"align-center\\"><p>A right aligned paragraph.</p><p>Containing two paragraph</p></div>
<p>an other simple paragraph</p>
<div class=\\"align-center\\"><p>A centered paragraph.</p><p>An other centered paragraph.</p></div>
<p>a simple paragraph</p>
<p>->A started block without end.</p>"
`;

exports[`align-custom-config 1`] = `
"<h1>Test align</h1>
<p>A simple paragraph</p>
<div class=\\"custom-center\\"><p>A centered paragraph</p></div>
<p>a simple paragraph</p>
<div class=\\"custom-right\\"><p>A right aligned paragraph</p></div>
<p>an other simple paragraph</p>
<p>A simple paragraph</p>
<div class=\\"custom-center\\"><p>A centered paragraph</p></div>
<p>a simple paragraph</p>
<div class=\\"custom-right\\"><p>A right aligned paragraph</p></div>
<p>an other simple paragraph</p>
<div class=\\"custom-center\\"><p>A centered paragraph.</p><p>Containing two paragraph</p></div>
<p>an other simple paragraph</p>
<div class=\\"custom-center\\"><p>A right aligned paragraph.</p><p>Containing two paragraph</p></div>
<p>an other simple paragraph</p>
<div class=\\"custom-center\\"><p>A centered paragraph.</p><p>An other centered paragraph.</p></div>
<p>a simple paragraph</p>
<p>->A started block without end.</p>"
`;

exports[`block-wrap 1`] = `
"<h1>wraps blocks e.g. title:</h1>
<div class=\\"align-right\\"><p> foo</p><h1>title</h1><p>foo </p></div>"
`;

exports[`center-no-start 1`] = `
"<h1>title</h1>
<p>foo &#x3C;-</p>
<h1>title</h1>"
`;

exports[`right-no-end 1`] = `
"<h1>title</h1>
<p>-> foo</p>
<h1>title</h1>"
`;

exports[`right-no-start 1`] = `
"<h1>title</h1>
<p>foo -></p>
<h1>title</h1>"
`;
