// Jest Snapshot v1, https://goo.gl/fbAQLP

exports[`shift -1 1`] = `
"# remark-heading-shift

# Example

# API

## foo

# Contributing
"
`;

exports[`shift 0 1`] = `
"# remark-heading-shift

## Example

## API

### foo

## Contributing
"
`;

exports[`shift 1 1`] = `
"## remark-heading-shift

### Example

### API

#### foo

### Contributing
"
`;

exports[`shift 3 1`] = `
"#### remark-heading-shift

##### Example

##### API

###### foo

##### Contributing
"
`;

exports[`shift null 1`] = `
"# remark-heading-shift

## Example

## API

### foo

## Contributing
"
`;
