<p>(for convenience,   are replaced with
simple single spaces in the tests)</p>
<h2>Header</h2>
<h3>H3</h3>
<h1>H1</h1>
<h2>H2</h2>
