<p>word</p>
<ul>
<li>item 1</li>
<li>item 2</li>
</ul>
<table>
<thead>
<tr>
<th>a</th>
<th>b</th>
</tr>
</thead>
<tbody>
<tr>
<td>c</td>
<td>d</td>
</tr>
</tbody>
</table>
