<p>(for convenience,   are replaced with
simple single spaces in the tests)</p>
<p>Header</p>
<hr>
<h3>H3</h3>
<h1>H1</h1>
<p>H2
--  </p>
