<h1>Grid table</h1>
<h2>Basic example</h2>
<div class="custom-name"><table><thead><tr><th colspan="2" rowspan="1"><p>Table Headings</p></th><th colspan="1" rowspan="1"><p>Here</p></th></tr><tr><th colspan="1" rowspan="1"><p>Sub</p></th><th colspan="1" rowspan="1"><p>Headings</p></th><th colspan="1" rowspan="1"><p>Too</p></th></tr></thead><tbody><tr><td colspan="1" rowspan="2"><p>cell
spans
rows</p></td><td colspan="2" rowspan="1"><p>column spanning</p></td></tr><tr><td colspan="1" rowspan="1"><p>normal</p></td><td colspan="1" rowspan="1"><p>cell</p></td></tr><tr><td colspan="1" rowspan="1"><p>multi
line</p><p>cells
too</p></td><td colspan="2" rowspan="1"><p>cells can be
<em>formatted</em>
<strong>paragraphs</strong></p></td></tr></tbody></table></div>
