// Jest Snapshot v1, https://goo.gl/fbAQLP

exports[`comments 1`] = `
"<h1>Test comments</h1>
<p>Foobar</p>
<pre><code>Foo&#x3C;--COMMENTS I will not get remove because I am in a code block COMMENTS-->bar
</code></pre>
<p>&#x3C;--COMMENTS Unfinished block won't get parsed either</p>"
`;
