<p>Literally s<sup>e</sup>lfies tbh lo-fi. Actually health go retro polaroid sriracha. Kogi live-edge <sup>mixtape</sup> marfa street <sub>art</sub> synth. Godard synth truffaut selfies, vape fanny  subway tile. Stumptown af pabst, try-hard fam ethical actually four dollar toast. Microdosing <sup>kogi</sup> brooklyn, locavore jianbing etsy sartorial <em>YOLO</em>. Williamsburg salvia photo<sup>a</sup> booth <sup>readymade</sup> listicle man braid. s<sup>e</sup>lfies</p>
<p>Literally s<sup>e</sup>lfies tbh lo-fi. Actually health goa retro polaroid sriracha. Kogi live-edge <sup>mixtape</sup> marfa street <sub>art</sub> synth. Godard synth truffaut selfies, vape fanny  subway tile. Stumptown af pabst, try-hard fam ethical actually four dollar toast. Microdosing <sup>kogi</sup> brooklyn, locavore jianbing etsy sartorial <em>YOLO</em>. Williamsburg salvia photo<sup>a</sup> booth <sup>readymade</sup> listicle man braid. s<sup>e</sup>lfies</p>
