<h2>Code</h2>
<p>Normal code</p>
<pre><code class="language-python">print('bla')
</code></pre>
<p>With Legend</p>
<figure><pre><code class="language-python">print('bla')
</code></pre><figcaption>figcapt1</figcaption></figure>
<figure><pre><code class="language-python">print('bla2')
</code></pre><figcaption>figcapt1</figcaption></figure>
<p>Code: bis</p>
