<h1>Image</h1>
<h2>Simple</h2>
<p><img src="https://zestedesavoir.com/media/galleries/4092/5a95eebb-6768-4727-952a-927bd69352a1.jpg.96x96_q95_crop.jpg" alt="alt"></p>
<p>figured</p>
<p><figure><img src="https://zestedesavoir.com/media/galleries/4092/5a95eebb-6768-4727-952a-927bd69352a1.jpg.96x96_q95_crop.jpg" alt="alt">
  <figcaption>figure</figcaption></figure></p>
