<p>(for convenience,   are replaced with
simple single spaces in the tests)</p>
<h2>Blockquote</h2>
<p>Normal blockquote</p>
<blockquote>
<p>My citation</p>
</blockquote>
<p>With Legend</p>
<figure><blockquote>
<p>My citation</p>
</blockquote><figcaption>figcapt1</figcaption></figure>
<p>With Legend without Source</p>
<figure><blockquote>
<p>My citation</p>
</blockquote><figcaption>figcapt2</figcaption></figure>
<p>haha</p>
<figure><blockquote>
<figure><blockquote>
<figure><blockquote>
<p>Foo<br>
Foo</p>
</blockquote><figcaption>fc1</figcaption></figure>
<p>Bar<br>
Bar<br>
</p>
</blockquote><figcaption>fc2</figcaption></figure>
<p>Baz
Baz</p>
</blockquote><figcaption>fc3</figcaption></figure>
