<h2>Table</h2>
<p>Normal table</p>
<table>
<thead>
<tr>
<th>head1</th>
<th>head2</th>
</tr>
</thead>
<tbody>
<tr>
<td>bla</td>
<td>bla</td>
</tr>
</tbody>
</table>
<p>With Legend</p>
<figure><table>
<thead>
<tr>
<th>head1</th>
<th>head2</th>
</tr>
</thead>
<tbody>
<tr>
<td>bla</td>
<td>bla</td>
</tr>
</tbody>
</table><figcaption>figcapt1</figcaption></figure>
<figure><table>
<thead>
<tr>
<th>head1</th>
<th>head2</th>
</tr>
</thead>
<tbody>
<tr>
<td>bla</td>
<td>bla</td>
</tr>
</tbody>
</table><figcaption>figcapt1</figcaption></figure>
<p>Table: bis</p>
