<p>&#x3C;div id="sidebar"></p>
<p>   <em>foo</em></p>
<p>&#x3C;/div></p>
<p>And now in uppercase:</p>
<p>&#x3C;DIV>
foo
&#x3C;/DIV></p>
