<p>&#x3C;div></p>
<p>asdf asdfasd</p>
<p>&#x3C;/div></p>
<p>&#x3C;div></p>
<p>foo bar</p>
<p>&#x3C;/div>
No blank line.</p>
