&#x3C;div>
<p>asdf asdfasd</p>
&#x3C;/div>
&#x3C;div>
<p>foo bar</p>
&#x3C;/div>
No blank line.
