<p><strong>&#x3C;DIV>
foo
&#x3C;/DIV></strong></p>
