<h1>Test ping</h1>
<p>ping <a href="/membres/voir/Clem/" class="ping">Clem</a></p>
<p>ping <a href="/membres/voir/BALDE SOULEYMANE/" class="ping">BALDE SOULEYMANE</a></p>
<p>no ping @dqsjdjsqjhdshqjkhfyhefezhjzjhdsjlfjlsqjdfjhsd</p>
<p>no ping @<strong>I AM CLEM</strong></p>
