<p>content before
[[s]]
|Not Block
with content after</p>
