<p>remark does</p>
<ul>
<li>&#x26; -> &#x26;</li>
<li>&#x26; -> &#x26;</li>
<li>é -> é</li>
</ul>
