<p>this plugin does</p>
<ul>
<li>&#x26; -> &#x26;#x26;</li>
<li>&#x26;amp; -> &#x26;#x26;amp;</li>
<li>&#x26;eacute; -> &#x26;#x26;eacute;</li>
</ul>
