<p>This is the body with a footnote<sup id="fnref-foo"><a class="footnote-ref" href="#fn-foo">1</a></sup> or two<sup id="fnref-bar"><a class="footnote-ref" href="#fn-bar">2</a></sup> or more <sup id="fnref-baz"><a class="footnote-ref" href="#fn-baz">3</a></sup> <sup id="fnref-qux"><a class="footnote-ref" href="#fn-qux">4</a></sup> <sup id="fnref-fiji"><a class="footnote-ref" href="#fn-fiji">5</a></sup>.</p>
<p>Also a reference that does not exist<sup id="fnref-6"><a href="#fn-6" class="footnote-ref">6</a></sup>.</p>
<p>Second line of first paragraph is not intended.
Nor is third...</p>
<div class="footnotes">
<hr>
<ol>
<li id="fn-1">
<p>Footnote that ends with a list:</p>
<ul>
<li>item 1</li>
<li>item 2</li>
</ul>
<a href="#fnref-1" class="footnote-backref">↩</a>
</li>
<li id="fn-2">
<blockquote>
<p>This footnote is a blockquote.</p>
</blockquote>
<a href="#fnref-2" class="footnote-backref">↩</a>
</li>
<li id="fn-3">
<p>A simple oneliner.</p>
<a href="#fnref-3" class="footnote-backref">↩</a>
</li>
<li id="fn-4">
<p>A footnote with multiple paragraphs.</p>
<p>Paragraph two.</p>
<a href="#fnref-4" class="footnote-backref">↩</a>
</li>
<li id="fn-5">
<p>First line of first paragraph.</p>
<a href="#fnref-5" class="footnote-backref">↩</a>
</li>
</ol>
</div>
