<h1>Test comments</h1>
<p>BlablaBalbla</p>
<pre><code>Blabla&#x3C;--COMMENTS hahaha COMMENTS-->Balbla
</code></pre>
<p>&#x3C;--COMMENTS Unfinished block</p>
