<p>Lolilol <img src="/static/smileys/smile.png" alt=":)"> Hey <img src="/static/smileys/heureux.png" alt=":D"></p>
<p><img src="/static/smileys/smile.png" alt=":)"></p>
<blockquote>
<p>Citation</p>
</blockquote>
<p><img src="/static/smileys/heureux.png" alt=":D"> Ce n'est pas une lÃ©gende</p>
<p><img src="https://zestedesavoir.com/media/galleries/3014/bee33fae-2216-463a-8b85-d1d9efe2c374.png" alt="toto"></p>
<p><img src="/static/smileys/heureux.png" alt=":D"> ce n'est pas une lÃ©gende non plus</p>
